Timeout reached, closing...
